---
source: codespan-reporting/tests/term.rs
expression: TEST_DATA.emit_color(& config)
---
{fg:Red bold bright}error[E0666]{bold bright}: nested `impl Trait` is not allowed{/}
  {fg:Cyan}┌─{/} nested_impl_trait.rs:5:56
  {fg:Cyan}│{/}
{fg:Cyan}5{/} {fg:Cyan}│{/} fn bad_in_ret_position(x: impl Into<u32>) -> impl Into<{fg:Red}impl Debug{/}> { x }
  {fg:Cyan}│{/}                                              {fg:Cyan}----------{fg:Red}^^^^^^^^^^{fg:Cyan}-{/}
  {fg:Cyan}│{/}                                              {fg:Cyan}│{/}         {fg:Red}│{/}
  {fg:Cyan}│{/}                                              {fg:Cyan}│{/}         {fg:Red}nested `impl Trait` here{/}
  {fg:Cyan}│{/}                                              {fg:Cyan}outer `impl Trait`{/}

{fg:Red bold bright}error[E0121]{bold bright}: the type placeholder `_` is not allowed within types on item signatures{/}
  {fg:Cyan}┌─{/} typeck_type_placeholder_item.rs:1:18
  {fg:Cyan}│{/}
{fg:Cyan}1{/} {fg:Cyan}│{/} fn fn_test1() -> {fg:Red}_{/} { 5 }
  {fg:Cyan}│{/}                  {fg:Red}^{/}
  {fg:Cyan}│{/}                  {fg:Red}│{/}
  {fg:Cyan}│{/}                  {fg:Red}not allowed in type signatures{/}
  {fg:Cyan}│{/}                  {fg:Cyan}help: replace with the correct return type: `i32`{/}

{fg:Red bold bright}error[E0121]{bold bright}: the type placeholder `_` is not allowed within types on item signatures{/}
  {fg:Cyan}┌─{/} typeck_type_placeholder_item.rs:2:25
  {fg:Cyan}│{/}
{fg:Cyan}2{/} {fg:Cyan}│{/} fn fn_test2(x: i32) -> ({fg:Red}_{/}, {fg:Red}_{/}) { (x, x) }
  {fg:Cyan}│{/}                        {fg:Cyan}-{fg:Red}^{fg:Cyan}--{fg:Red}^{fg:Cyan}-{/}
  {fg:Cyan}│{/}                        {fg:Cyan}│{/}{fg:Red}│{/}  {fg:Red}│{/}
  {fg:Cyan}│{/}                        {fg:Cyan}│{/}{fg:Red}│{/}  {fg:Red}not allowed in type signatures{/}
  {fg:Cyan}│{/}                        {fg:Cyan}│{/}{fg:Red}not allowed in type signatures{/}
  {fg:Cyan}│{/}                        {fg:Cyan}help: replace with the correct return type: `(i32, i32)`{/}

{fg:Red bold bright}error[E0277]{bold bright}: `std::rc::Rc<()>` cannot be sent between threads safely{/}
   {fg:Cyan}┌─{/} no_send_res_ports.rs:25:5
   {fg:Cyan}│{/}  
{fg:Cyan}25{/} {fg:Cyan}│{/}       {fg:Red}thread::spawn{/}(move|| {
   {fg:Cyan}│{/}       {fg:Red}^^^^^^^^^^^^^{/} {fg:Red}`std::rc::Rc<()>` cannot be sent between threads safely{/}
   {fg:Cyan}│{/} {fg:Cyan}╭{/}{fg:Cyan}───────────────────'{/}
{fg:Cyan}26{/} {fg:Cyan}│{/} {fg:Cyan}│{/}         let y = x;
{fg:Cyan}27{/} {fg:Cyan}│{/} {fg:Cyan}│{/}         println!("{:?}", y);
{fg:Cyan}28{/} {fg:Cyan}│{/} {fg:Cyan}│{/}     });
   {fg:Cyan}│{/} {fg:Cyan}╰{/}{fg:Cyan}──────' within this `[closure@no_send_res_ports.rs:29:19: 33:6 x:main::Foo]`{/}
   {fg:Cyan}│{/}  
   {fg:Cyan}┌─{/} libstd/thread/mod.rs:5:8
   {fg:Cyan}│{/}
{fg:Cyan} 5{/} {fg:Cyan}│{/}     F: Send + 'static,
   {fg:Cyan}│{/}        {fg:Cyan}----{/} {fg:Cyan}required by this bound in `std::thread::spawn`{/}
   {fg:Cyan}│{/}
   {fg:Cyan}={/} help: within `[closure@no_send_res_ports.rs:29:19: 33:6 x:main::Foo]`, the trait `std::marker::Send` is not implemented for `std::rc::Rc<()>`
   {fg:Cyan}={/} note: required because it appears within the type `Port<()>`
   {fg:Cyan}={/} note: required because it appears within the type `main::Foo`
   {fg:Cyan}={/} note: required because it appears within the type `[closure@no_send_res_ports.rs:29:19: 33:6 x:main::Foo]`

{fg:Red bold bright}error{bold bright}: aborting due 5 previous errors{/}
 {fg:Cyan}={/} Some errors have detailed explanations: E0121, E0277, E0666.
 {fg:Cyan}={/} For more information about an error, try `rustc --explain E0121`.
