---
source: codespan-reporting/tests/term.rs
expression: TEST_DATA.emit_no_color(&config)
---
one_line.rs:1:1: error: cycle detected when evaluating constant `A`
 = ...which requires evaluating constant `B`...
 = ...which requires evaluating constant `A`

