---
source: codespan-reporting/tests/term.rs
expression: TEST_DATA.emit_color(& config)
---
nested_impl_trait.rs:5:56: {fg:Red bold bright}error[E0666]{bold bright}: nested `impl Trait` is not allowed{/}
typeck_type_placeholder_item.rs:1:18: {fg:Red bold bright}error[E0121]{bold bright}: the type placeholder `_` is not allowed within types on item signatures{/}
typeck_type_placeholder_item.rs:2:25: {fg:Red bold bright}error[E0121]{bold bright}: the type placeholder `_` is not allowed within types on item signatures{/}
typeck_type_placeholder_item.rs:2:28: {fg:Red bold bright}error[E0121]{bold bright}: the type placeholder `_` is not allowed within types on item signatures{/}
no_send_res_ports.rs:25:5: {fg:Red bold bright}error[E0277]{bold bright}: `std::rc::Rc<()>` cannot be sent between threads safely{/}
 {fg:Cyan}={/} help: within `[closure@no_send_res_ports.rs:29:19: 33:6 x:main::Foo]`, the trait `std::marker::Send` is not implemented for `std::rc::Rc<()>`
 {fg:Cyan}={/} note: required because it appears within the type `Port<()>`
 {fg:Cyan}={/} note: required because it appears within the type `main::Foo`
 {fg:Cyan}={/} note: required because it appears within the type `[closure@no_send_res_ports.rs:29:19: 33:6 x:main::Foo]`
{fg:Red bold bright}error{bold bright}: aborting due 5 previous errors{/}
 {fg:Cyan}={/} Some errors have detailed explanations: E0121, E0277, E0666.
 {fg:Cyan}={/} For more information about an error, try `rustc --explain E0121`.
